[
  {
    "pretext": "This week's test beer shall be:",
    "beerbodsCaption": "Beer?, The Dharma Initiative",
    "beerbodsUrl": "https://beerbods.co.uk/this-weeks-beer/beer-dharma-initiative",
    "summary": "This week's test beer shall be Beer?, The Dharma Initiative",
    "beerbodsImageUrl": "https://beerbods.co.uk/media/108/bottle.png",
    "beers": [
      {
        "brewery": {
          "name": "The Dharma Initiative"
        },
        "name": "Beer?",
        "untappd": {
          "lookupSuccessful": false,
          "match": "auto",
          "searchTerm": "The Dharma Initiative Beer?",
          "searchUrl": "https://untappd.com/search?q=The%20Dharma%20Initiative%20Beer%3F"
        }
      }
    ]
  }
]
