[
  {
    "pretext": "This week's test beer shall be:",
    "beerbodsCaption": "Beer?, The Dharma Initiative",
    "beerbodsUrl": "https://beerbods.co.uk/this-weeks-beer/beer-dharma-initiative",
    "summary": "This week's test beer shall be Beer?, The Dharma Initiative",
    "beerbodsImageUrl": "https://beerbods.co.uk/media/108/bottle.png",
    "beers": [
      {
        "brewery": {
          "name": "The Dharma Initiative"
        },
        "name": "Beer?",
        "untappd": {
          "lookupSuccessful": false,
          "match": "auto",
          "searchTerm": "The Dharma Initiative Beer?",
          "searchUrl": "https://untappd.com/search?q=The%20Dharma%20Initiative%20Beer%3F"
        }
      }
    ]
  },
  {
    "pretext": "Next week's test beer shall be:",
    "beerbodsCaption": "Dalrympley by Hikin",
    "beerbodsUrl": "https://beerbods.co.uk/this-weeks-beer/dalrymple-hikin",
    "summary": "Next week's test beer shall be Dalrympley by Hikin",
    "beerbodsImageUrl": "https://beerbods.co.uk/media/1864/bottle.png",
    "beers": [
      {
        "brewery": {
          "name": "Hikin"
        },
        "name": "Dalrympley",
        "untappd": {
          "lookupSuccessful": false,
          "match": "auto",
          "searchTerm": "Hikin Dalrympley",
          "searchUrl": "https://untappd.com/search?q=Hikin%20Dalrympley"
        }
      }
    ]
  },
  {
    "pretext": "3 week's test beer shall be:",
    "beerbodsCaption": "Dalrympley by Hikin",
    "beerbodsUrl": "https://beerbods.co.uk/this-weeks-beer/dalrymple-hikin",
    "summary": "3 week's test beer shall be Dalrympley by Hikin",
    "beerbodsImageUrl": "https://beerbods.co.uk/media/1864/bottle.png",
    "beers": [
      {
        "brewery": {
          "name": "Hikin"
        },
        "name": "Dalrympley",
        "untappd": {
          "lookupSuccessful": false,
          "match": "auto",
          "searchTerm": "Hikin Dalrympley",
          "searchUrl": "https://untappd.com/search?q=Hikin%20Dalrympley"
        }
      }
    ]
  },
  {
    "pretext": "4 week's test beer shall be:",
    "beerbodsCaption": "Dalrympley by Hikin",
    "beerbodsUrl": "https://beerbods.co.uk/this-weeks-beer/dalrymple-hikin",
    "summary": "4 week's test beer shall be Dalrympley by Hikin",
    "beerbodsImageUrl": "https://beerbods.co.uk/media/1864/bottle.png",
    "beers": [
      {
        "brewery": {
          "name": "Hikin"
        },
        "name": "Dalrympley",
        "untappd": {
          "lookupSuccessful": false,
          "match": "auto",
          "searchTerm": "Hikin Dalrympley",
          "searchUrl": "https://untappd.com/search?q=Hikin%20Dalrympley"
        }
      }
    ]
  }
]
