[
  {
    "pretext": "This week's test beers are:",
    "beerbodsCaption": "Tea or Coffee?, Hillstown Brewery",
    "beerbodsUrl": "https://beerbods.co.uk/this-weeks-beer/tea-or-coffee",
    "summary": "This week's test beers are Saturn + Saucer, Hillstown Brewery and/or Pamoja, Hillstown Brewery",
    "beerbodsImageUrl": "https://beerbods.co.uk/media/1864/bottle.png",
    "beers": [
      {
        "brewery": {
          "name": "Hillstown Brewery",
          "logo": "https://untappd.com/dharma.png",
          "url": "https://untappd.com/w/dharma-initiative/4815162342"
        },
        "name": "Saturn + Saucer",
        "untappd": {
          "lookupSuccessful": true,
          "lookupStale": false,
          "match": "auto",
          "searchTerm": "Hillstown Brewery Saturn + Saucer",
          "searchUrl": "https://untappd.com/search?q=Hillstown%20Brewery%20Saturn%20%2B%20Saucer",
          "bid": 481516,
          "detailUrl": "https://untappd.com/b/dharma-initiative-beer/481516",
          "mobileDeepUrl": "https://untappd.com/qr/beer/481516",
          "abv": "5%",
          "rating": "4.82 avg, 108 ratings",
          "description": "Don't tell us what we can't brew",
          "style": "BEER",
          "label": "https://untappd.com/beer-dharma-initiative.png"
        }
      },
      {
        "brewery": {
          "name": "Hillstown Brewery",
          "logo": "https://untappd.com/dharma.png",
          "url": "https://untappd.com/w/dharma-initiative/4815162342"
        },
        "name": "Pamoja",
        "untappd": {
          "lookupSuccessful": true,
          "lookupStale": false,
          "match": "auto",
          "searchTerm": "Hillstown Brewery Pamoja",
          "searchUrl": "https://untappd.com/search?q=Hillstown%20Brewery%20Pamoja",
          "bid": 481516,
          "detailUrl": "https://untappd.com/b/dharma-initiative-beer/481516",
          "mobileDeepUrl": "https://untappd.com/qr/beer/481516",
          "abv": "5%",
          "rating": "4.82 avg, 108 ratings",
          "description": "Don't tell us what we can't brew",
          "style": "BEER",
          "label": "https://untappd.com/beer-dharma-initiative.png"
        }
      }
    ]
  }
]